== Sistema operativo y arquitectura ==
Linux
x86_64
Entorno: Ubuntu en WSL 2
PRETTY_NAME="Ubuntu 24.04.5 LTS"

== Shell por defecto ==
/bin/bash

== Espacio libre en disco (unidad del repositorio) ==
Filesystem      Size  Used Avail Use% Mounted on
/dev/sdd       1007G  1.7G  955G   1% /

== Memoria disponible para Linux y Docker ==
               total        used        free      shared  buff/cache   available
Mem:           5.8Gi       462Mi       5.2Gi       3.5Mi       329Mi       5.3Gi
Swap:          2.0Gi          0B       2.0Gi

== Herramientas de trabajo (Parte 0) ==
OK     git
OK     gh
OK     curl
OK     wget
OK     unzip
OK     jq
OK     tree
OK     htop
OK     tmux
OK     shellcheck

== Git ==
git version 2.43.0
matouti@alu.ucam.edu
